-- initialize two connections to the same database
.connection 0
.open "file:main?vfs=graft"
pragma graft_switch="5rMJhorqTw-2dcMpAG9SgLPw:5rMJhorrQK-2dv4hJLznFMj8";
+----------------------------------------------------------------------------------------+
| Switched to Graft 5rMJhorqTw-2dcMpAG9SgLPw with remote Volume 5rMJhorrQK-2dv4hJLznFMj8 |
+----------------------------------------------------------------------------------------+
| Switched to Graft 5rMJhorqTw-2dcMpAG9SgLPw with remote Volume 5rMJhorrQK-2dv4hJLznFMj8 |
+----------------------------------------------------------------------------------------+
pragma graft_status;
+---------------------------------------------------------+
|                       On tag main                       |
+---------------------------------------------------------+
| On tag main                                             |
| Local Volume 5rMJhorqTw-2dcMpAG9SgLPw (_) is grafted to |
| remote Volume 5rMJhorrQK-2dv4hJLznFMj8 (_).             |
|                                                         |
| The local Volume is up to date with the remote Volume.  |
+---------------------------------------------------------+
pragma graft_info;
+----------------------------------+
| Graft: 5rMJhorqTw-2dcMpAG9SgLPw  |
+----------------------------------+
| Graft: 5rMJhorqTw-2dcMpAG9SgLPw  |
| Remote: 5rMJhorrQK-2dv4hJLznFMj8 |
| Last sync: Never synced          |
| Snapshot: Snapshot([])           |
| Snapshot pages: 0                |
| Snapshot size: 0 B               |
+----------------------------------+

.connection 1
.open "file:main?vfs=graft"
pragma graft_status;
+---------------------------------------------------------+
|                       On tag main                       |
+---------------------------------------------------------+
| On tag main                                             |
| Local Volume 5rMJhorqTw-2dcMpAG9SgLPw (_) is grafted to |
| remote Volume 5rMJhorrQK-2dv4hJLznFMj8 (_).             |
|                                                         |
| The local Volume is up to date with the remote Volume.  |
+---------------------------------------------------------+
pragma graft_info;
+----------------------------------+
| Graft: 5rMJhorqTw-2dcMpAG9SgLPw  |
+----------------------------------+
| Graft: 5rMJhorqTw-2dcMpAG9SgLPw  |
| Remote: 5rMJhorrQK-2dv4hJLznFMj8 |
| Last sync: Never synced          |
| Snapshot: Snapshot([])           |
| Snapshot pages: 0                |
| Snapshot size: 0 B               |
+----------------------------------+

-- initialize the db on connection 0
.connection 0
.echo off

-- check pragmas
pragma graft_status;
+-----------------------------------------------------------+
|                        On tag main                        |
+-----------------------------------------------------------+
| On tag main                                               |
| Local Volume 5rMJhorqTw-2dcMpAG9SgLPw (6) is grafted to   |
| remote Volume 5rMJhorrQK-2dv4hJLznFMj8 (_).               |
|                                                           |
| The local Volume is 6 commits ahead of the remote Volume. |
|   (use 'pragma graft_push' to push changes)               |
+-----------------------------------------------------------+
pragma graft_snapshot;
+---------------------------------+
| Snapshot([2dcMpAG9SgLPw[..=6]]) |
+---------------------------------+
| Snapshot([2dcMpAG9SgLPw[..=6]]) |
+---------------------------------+
pragma graft_audit;
+--------------------------------------------------------+
|  Cached 14 of 14 pages (100%) from the remote volume.  |
+--------------------------------------------------------+
| Cached 14 of 14 pages (100%) from the remote volume.   |
| Checksum: 7GcvThzzuNkG3VRZwhgoFNGLVNUDgzkMoWf1j8JifSAz |
+--------------------------------------------------------+
pragma graft_info;
+-------------------------------------------+
|      Graft: 5rMJhorqTw-2dcMpAG9SgLPw      |
+-------------------------------------------+
| Graft: 5rMJhorqTw-2dcMpAG9SgLPw           |
| Remote: 5rMJhorrQK-2dv4hJLznFMj8          |
| Last sync: Never synced                   |
| Snapshot: Snapshot([2dcMpAG9SgLPw[..=6]]) |
| Snapshot pages: 14                        |
| Snapshot size: 56 KB                      |
+-------------------------------------------+

-- check pragmas on connection 1
.connection 1
pragma graft_status;
+-----------------------------------------------------------+
|                        On tag main                        |
+-----------------------------------------------------------+
| On tag main                                               |
| Local Volume 5rMJhorqTw-2dcMpAG9SgLPw (6) is grafted to   |
| remote Volume 5rMJhorrQK-2dv4hJLznFMj8 (_).               |
|                                                           |
| The local Volume is 6 commits ahead of the remote Volume. |
|   (use 'pragma graft_push' to push changes)               |
+-----------------------------------------------------------+
pragma graft_snapshot;
+---------------------------------+
| Snapshot([2dcMpAG9SgLPw[..=6]]) |
+---------------------------------+
| Snapshot([2dcMpAG9SgLPw[..=6]]) |
+---------------------------------+
pragma graft_audit;
+--------------------------------------------------------+
|  Cached 14 of 14 pages (100%) from the remote volume.  |
+--------------------------------------------------------+
| Cached 14 of 14 pages (100%) from the remote volume.   |
| Checksum: 7GcvThzzuNkG3VRZwhgoFNGLVNUDgzkMoWf1j8JifSAz |
+--------------------------------------------------------+
pragma graft_info;
+-------------------------------------------+
|      Graft: 5rMJhorqTw-2dcMpAG9SgLPw      |
+-------------------------------------------+
| Graft: 5rMJhorqTw-2dcMpAG9SgLPw           |
| Remote: 5rMJhorrQK-2dv4hJLznFMj8          |
| Last sync: Never synced                   |
| Snapshot: Snapshot([2dcMpAG9SgLPw[..=6]]) |
| Snapshot pages: 14                        |
| Snapshot size: 56 KB                      |
+-------------------------------------------+

-- open a snapshot on connection 1
begin;
select count(*) from ledger;
+----------+
| count(*) |
+----------+
| 1000     |
+----------+
pragma graft_snapshot;
+---------------------------------+
| Snapshot([2dcMpAG9SgLPw[..=6]]) |
+---------------------------------+
| Snapshot([2dcMpAG9SgLPw[..=6]]) |
+---------------------------------+

-- switch to connection 0, write something, check snapshot, switch back
.connection 0
INSERT INTO ledger (account_id, amount) VALUES (1, -10), (2, 10);
pragma graft_snapshot;
+---------------------------------+
| Snapshot([2dcMpAG9SgLPw[..=7]]) |
+---------------------------------+
| Snapshot([2dcMpAG9SgLPw[..=7]]) |
+---------------------------------+
.connection 1

-- check that connection 1 pragmas can't see the new snapshot
pragma graft_snapshot;
+---------------------------------+
| Snapshot([2dcMpAG9SgLPw[..=6]]) |
+---------------------------------+
| Snapshot([2dcMpAG9SgLPw[..=6]]) |
+---------------------------------+
pragma graft_audit;
+--------------------------------------------------------+
|  Cached 14 of 14 pages (100%) from the remote volume.  |
+--------------------------------------------------------+
| Cached 14 of 14 pages (100%) from the remote volume.   |
| Checksum: 7GcvThzzuNkG3VRZwhgoFNGLVNUDgzkMoWf1j8JifSAz |
+--------------------------------------------------------+
pragma graft_info;
+-------------------------------------------+
|      Graft: 5rMJhorqTw-2dcMpAG9SgLPw      |
+-------------------------------------------+
| Graft: 5rMJhorqTw-2dcMpAG9SgLPw           |
| Remote: 5rMJhorrQK-2dv4hJLznFMj8          |
| Last sync: Never synced                   |
| Snapshot: Snapshot([2dcMpAG9SgLPw[..=6]]) |
| Snapshot pages: 14                        |
| Snapshot size: 56 KB                      |
+-------------------------------------------+

-- close the snapshot and check that we can see the latest snapshot
commit;

pragma graft_snapshot;
+---------------------------------+
| Snapshot([2dcMpAG9SgLPw[..=7]]) |
+---------------------------------+
| Snapshot([2dcMpAG9SgLPw[..=7]]) |
+---------------------------------+
pragma graft_audit;
+--------------------------------------------------------+
|  Cached 14 of 14 pages (100%) from the remote volume.  |
+--------------------------------------------------------+
| Cached 14 of 14 pages (100%) from the remote volume.   |
| Checksum: 84sLYe1cUrBCQ46mMmVqeLG1rWsdkB7ebujsXFgZ1sPk |
+--------------------------------------------------------+
pragma graft_info;
+-------------------------------------------+
|      Graft: 5rMJhorqTw-2dcMpAG9SgLPw      |
+-------------------------------------------+
| Graft: 5rMJhorqTw-2dcMpAG9SgLPw           |
| Remote: 5rMJhorrQK-2dv4hJLznFMj8          |
| Last sync: Never synced                   |
| Snapshot: Snapshot([2dcMpAG9SgLPw[..=7]]) |
| Snapshot pages: 14                        |
| Snapshot size: 56 KB                      |
+-------------------------------------------+

SQLite Exit Code = 0
