.open "file:main?vfs=graft"
pragma graft_switch="5rMJkf2zHE-2xMqqKcN8RLZh:74ggc1B6R4-2kkvcy9fi4CHJ:74ggc1B6jg-2udz14pbDayZC";
+-----------------------------------------------------------------------------------------------------------------------------+
| Switched to Volume 5rMJkf2zHE-2xMqqKcN8RLZh with local Log 74ggc1B6R4-2kkvcy9fi4CHJ and remote Log 74ggc1B6jg-2udz14pbDayZC |
+-----------------------------------------------------------------------------------------------------------------------------+
| Switched to Volume 5rMJkf2zHE-2xMqqKcN8RLZh with local Log 74ggc1B6R4-2kkvcy9fi4CHJ and remote Log 74ggc1B6jg-2udz14pbDayZC |
+-----------------------------------------------------------------------------------------------------------------------------+

.databases
main: main r/w
.vfsinfo
vfs.zName      = "graft"
vfs.iVersion   = 3
vfs.szOsFile   = 240
vfs.mxPathname = 512
pragma graft_status;
+--------------------------------------------------+
|                   On tag main                    |
+--------------------------------------------------+
| On tag main                                      |
| Local Log 74ggc1B6R4-2kkvcy9fi4CHJ is grafted to |
| remote Log 74ggc1B6jg-2udz14pbDayZC.             |
|                                                  |
| The Volume is up to date with the remote.        |
+--------------------------------------------------+

CREATE TABLE t1(a, b);
INSERT INTO t1 VALUES(1, 2);
INSERT INTO t1 VALUES(3, 4);
SELECT * FROM t1;
+---+---+
| a | b |
+---+---+
| 1 | 2 |
| 3 | 4 |
+---+---+

BEGIN;
SELECT * FROM t1;
+---+---+
| a | b |
+---+---+
| 1 | 2 |
| 3 | 4 |
+---+---+
INSERT INTO t1 VALUES(3, 4);
SELECT * FROM t1;
+---+---+
| a | b |
+---+---+
| 1 | 2 |
| 3 | 4 |
| 3 | 4 |
+---+---+
COMMIT;

pragma graft_status;
+--------------------------------------------------+
|                   On tag main                    |
+--------------------------------------------------+
| On tag main                                      |
| Local Log 74ggc1B6R4-2kkvcy9fi4CHJ is grafted to |
| remote Log 74ggc1B6jg-2udz14pbDayZC.             |
|                                                  |
| The Volume is ahead of the remote by 4 commits.  |
|   (use 'pragma graft_push' to push changes)      |
+--------------------------------------------------+

vacuum;
drop table t1;
vacuum;

select * from dbstat;
+---------------+------+--------+----------+-------+---------+--------+------------+----------+--------+
|     name      | path | pageno | pagetype | ncell | payload | unused | mx_payload | pgoffset | pgsize |
+---------------+------+--------+----------+-------+---------+--------+------------+----------+--------+
| sqlite_schema | /    | 1      | leaf     | 0     | 0       | 3988   | 0          | 0        | 4096   |
+---------------+------+--------+----------+-------+---------+--------+------------+----------+--------+

SQLite Exit Code = 0
